[
  {
    "DEEDBOOK": "15213",
    "DEEDPAGE": "395",
    "INSTRTYP": "DE",
    "INSTRTYPDESC": "DEED",
    "MUNICODE": "104",
    "MUNIDESC": "4th Ward - PITTSBURGH",
    "PARID": "0028S00066000000",
    "PRICE": "157000",
    "PROPERTYADDRESSDIR": "",
    "PROPERTYADDRESSSTREET": "DAWSON",
    "PROPERTYADDRESSSUF": "ST",
    "PROPERTYADDRESSUNITDESC": "",
    "PROPERTYCITY": "PITTSBURGH",
    "PROPERTYFRACTION": " ",
    "PROPERTYHOUSENUM": "3326",
    "PROPERTYSTATE": "PA",
    "PROPERTYUNITNO": "",
    "PROPERTYZIP": "15213",
    "RECORDDATE": "2013-04-23",
    "SALECODE": "0",
    "SALEDATE": "2013-04-23",
    "SALEDESC": "VALID SALE",
    "SCHOOLCODE": "47",
    "SCHOOLDESC": "Pittsburgh"
  }
]