{
  "CORRECTIVE DEED / DUPLICATE SALE": 1,
  "QUIT CLAIM / SPECIAL WARRANTY": 1,
  "VALID SALE": 97
}