[
  {
    "DEEDBOOK": "14778",
    "DEEDPAGE": "425",
    "INSTRTYP": "GW",
    "INSTRTYPDESC": "GENERAL WARRANTY",
    "MUNICODE": "926",
    "MUNIDESC": "Mt.Lebanon  ",
    "PARID": "0252C00190000000",
    "PRICE": "269500",
    "PROPERTYADDRESSDIR": "",
    "PROPERTYADDRESSSTREET": "WOODHAVEN",
    "PROPERTYADDRESSSUF": "DR",
    "PROPERTYADDRESSUNITDESC": "",
    "PROPERTYCITY": "PITTSBURGH",
    "PROPERTYFRACTION": " ",
    "PROPERTYHOUSENUM": "154",
    "PROPERTYSTATE": "PA",
    "PROPERTYUNITNO": "",
    "PROPERTYZIP": "15228",
    "RECORDDATE": "2012-01-03",
    "SALECODE": "0",
    "SALEDATE": "2012-01-03",
    "SALEDESC": "VALID SALE",
    "SCHOOLCODE": "26",
    "SCHOOLDESC": "Mt Lebanon"
  }
]