[
  {
    "DEEDBOOK": "15213",
    "DEEDPAGE": "395",
    "INSTRTYP": "DE",
    "INSTRTYPDESC": "DEED",
    "MUNICODE": "104",
    "MUNIDESC": "4th Ward - PITTSBURGH",
    "PARID": "0028S00066000000",
    "PRICE": "157000",
    "PROPERTYADDRESSDIR": "",
    "PROPERTYADDRESSSTREET": "DAWSON",
    "PROPERTYADDRESSSUF": "ST",
    "PROPERTYADDRESSUNITDESC": "",
    "PROPERTYCITY": "PITTSBURGH",
    "PROPERTYFRACTION": " ",
    "PROPERTYHOUSENUM": "3326",
    "PROPERTYSTATE": "PA",
    "PROPERTYUNITNO": "",
    "PROPERTYZIP": "15213",
    "RECORDDATE": "2013-04-23",
    "SALECODE": "0",
    "SALEDATE": "2013-04-23",
    "SALEDESC": "VALID SALE",
    "SCHOOLCODE": "47",
    "SCHOOLDESC": "Pittsburgh"
  },
  {
    "DEEDBOOK": "14883",
    "DEEDPAGE": "339",
    "INSTRTYP": "CO",
    "INSTRTYPDESC": "CORRECTIVE DEED",
    "MUNICODE": "117",
    "MUNIDESC": "17th Ward - PITTSBURGH",
    "PARID": "0003H00228000000",
    "PRICE": "265000",
    "PROPERTYADDRESSDIR": "",
    "PROPERTYADDRESSSTREET": "MURIEL",
    "PROPERTYADDRESSSUF": "ST",
    "PROPERTYADDRESSUNITDESC": "",
    "PROPERTYCITY": "PITTSBURGH",
    "PROPERTYFRACTION": " ",
    "PROPERTYHOUSENUM": "1200",
    "PROPERTYSTATE": "PA",
    "PROPERTYUNITNO": "",
    "PROPERTYZIP": "15203",
    "RECORDDATE": "2012-05-09",
    "SALECODE": "0",
    "SALEDATE": "2012-05-09",
    "SALEDESC": "VALID SALE",
    "SCHOOLCODE": "47",
    "SCHOOLDESC": "Pittsburgh"
  },
  {
    "DEEDBOOK": "14780",
    "DEEDPAGE": "358",
    "INSTRTYP": "DE",
    "INSTRTYPDESC": "DEED",
    "MUNICODE": "102",
    "MUNIDESC": "2nd Ward - PITTSBURGH",
    "PARID": "0009N00001000000",
    "PRICE": "842500",
    "PROPERTYADDRESSDIR": "",
    "PROPERTYADDRESSSTREET": "LIBERTY",
    "PROPERTYADDRESSSUF": "AVE",
    "PROPERTYADDRESSUNITDESC": "",
    "PROPERTYCITY": "PITTSBURGH",
    "PROPERTYFRACTION": " ",
    "PROPERTYHOUSENUM": "926",
    "PROPERTYSTATE": "PA",
    "PROPERTYUNITNO": "",
    "PROPERTYZIP": "15222",
    "RECORDDATE": "2012-01-04",
    "SALECODE": "0",
    "SALEDATE": "2012-01-04",
    "SALEDESC": "VALID SALE",
    "SCHOOLCODE": "47",
    "SCHOOLDESC": "Pittsburgh"
  },
  {
    "DEEDBOOK": "14778",
    "DEEDPAGE": "404",
    "INSTRTYP": "SW",
    "INSTRTYPDESC": "SPECIAL WARRANTY",
    "MUNICODE": "119",
    "MUNIDESC": "19th Ward - PITTSBURGH",
    "PARID": "0062M00042000000",
    "PRICE": "75000",
    "PROPERTYADDRESSDIR": "",
    "PROPERTYADDRESSSTREET": "BERWIN",
    "PROPERTYADDRESSSUF": "AVE",
    "PROPERTYADDRESSUNITDESC": "",
    "PROPERTYCITY": "PITTSBURGH",
    "PROPERTYFRACTION": " ",
    "PROPERTYHOUSENUM": "520",
    "PROPERTYSTATE": "PA",
    "PROPERTYUNITNO": "",
    "PROPERTYZIP": "15226",
    "RECORDDATE": "2012-01-03",
    "SALECODE": "0",
    "SALEDATE": "2012-01-03",
    "SALEDESC": "VALID SALE",
    "SCHOOLCODE": "47",
    "SCHOOLDESC": "Pittsburgh"
  },
  {
    "DEEDBOOK": "14779",
    "DEEDPAGE": "248",
    "INSTRTYP": "DE",
    "INSTRTYPDESC": "DEED",
    "MUNICODE": "116",
    "MUNIDESC": "16th Ward - PITTSBURGH",
    "PARID": "0013J00196000000",
    "PRICE": "46000",
    "PROPERTYADDRESSDIR": "",
    "PROPERTYADDRESSSTREET": "WAITE",
    "PROPERTYADDRESSSUF": "ST",
    "PROPERTYADDRESSUNITDESC": "",
    "PROPERTYCITY": "PITTSBURGH",
    "PROPERTYFRACTION": " ",
    "PROPERTYHOUSENUM": "1946",
    "PROPERTYSTATE": "PA",
    "PROPERTYUNITNO": "",
    "PROPERTYZIP": "15210",
    "RECORDDATE": "2012-01-03",
    "SALECODE": "0",
    "SALEDATE": "2012-01-03",
    "SALEDESC": "VALID SALE",
    "SCHOOLCODE": "47",
    "SCHOOLDESC": "Pittsburgh"
  },
  {
    "DEEDBOOK": "14779",
    "DEEDPAGE": "276",
    "INSTRTYP": "DE",
    "INSTRTYPDESC": "DEED",
    "MUNICODE": "104",
    "MUNIDESC": "4th Ward - PITTSBURGH",
    "PARID": "0052E00033005400",
    "PRICE": "95000",
    "PROPERTYADDRESSDIR": "N",
    "PROPERTYADDRESSSTREET": "NEVILLE",
    "PROPERTYADDRESSSUF": "ST",
    "PROPERTYADDRESSUNITDESC": "UNIT",
    "PROPERTYCITY": "PITTSBURGH",
    "PROPERTYFRACTION": " ",
    "PROPERTYHOUSENUM": "552",
    "PROPERTYSTATE": "PA",
    "PROPERTYUNITNO": "54",
    "PROPERTYZIP": "15213",
    "RECORDDATE": "2012-01-03",
    "SALECODE": "0",
    "SALEDATE": "2012-01-03",
    "SALEDESC": "VALID SALE",
    "SCHOOLCODE": "47",
    "SCHOOLDESC": "Pittsburgh"
  },
  {
    "DEEDBOOK": "14779",
    "DEEDPAGE": "284",
    "INSTRTYP": "DE",
    "INSTRTYPDESC": "DEED",
    "MUNICODE": "128",
    "MUNIDESC": "28th Ward - PITTSBURGH",
    "PARID": "0040D00096000000",
    "PRICE": "52000",
    "PROPERTYADDRESSDIR": "",
    "PROPERTYADDRESSSTREET": "OBEY",
    "PROPERTYADDRESSSUF": "ST",
    "PROPERTYADDRESSUNITDESC": "",
    "PROPERTYCITY": "PITTSBURGH",
    "PROPERTYFRACTION": " ",
    "PROPERTYHOUSENUM": "1599",
    "PROPERTYSTATE": "PA",
    "PROPERTYUNITNO": "",
    "PROPERTYZIP": "15205",
    "RECORDDATE": "2012-01-03",
    "SALECODE": "0",
    "SALEDATE": "2012-01-03",
    "SALEDESC": "VALID SALE",
    "SCHOOLCODE": "47",
    "SCHOOLDESC": "Pittsburgh"
  },
  {
    "DEEDBOOK": "14783",
    "DEEDPAGE": "555",
    "INSTRTYP": "DE",
    "INSTRTYPDESC": "DEED",
    "MUNICODE": "104",
    "MUNIDESC": "4th Ward - PITTSBURGH",
    "PARID": "0028P00318000000",
    "PRICE": "35000",
    "PROPERTYADDRESSDIR": "",
    "PROPERTYADDRESSSTREET": "NIAGARA",
    "PROPERTYADDRESSSUF": "ST",
    "PROPERTYADDRESSUNITDESC": "",
    "PROPERTYCITY": "PITTSBURGH",
    "PROPERTYFRACTION": " ",
    "PROPERTYHOUSENUM": "3326",
    "PROPERTYSTATE": "PA",
    "PROPERTYUNITNO": "",
    "PROPERTYZIP": "15213",
    "RECORDDATE": "2012-01-09",
    "SALECODE": "0",
    "SALEDATE": "2012-01-09",
    "SALEDESC": "VALID SALE",
    "SCHOOLCODE": "47",
    "SCHOOLDESC": "Pittsburgh"
  },
  {
    "DEEDBOOK": "14780",
    "DEEDPAGE": "497",
    "INSTRTYP": "DE",
    "INSTRTYPDESC": "DEED",
    "MUNICODE": "114",
    "MUNIDESC": "14th Ward - PITTSBURGH",
    "PARID": "0126F00168000000",
    "PRICE": "445000",
    "PROPERTYADDRESSDIR": "",
    "PROPERTYADDRESSSTREET": "ROSEWOOD",
    "PROPERTYADDRESSSUF": "ST",
    "PROPERTYADDRESSUNITDESC": "",
    "PROPERTYCITY": "PITTSBURGH",
    "PROPERTYFRACTION": " ",
    "PROPERTYHOUSENUM": "6937",
    "PROPERTYSTATE": "PA",
    "PROPERTYUNITNO": "",
    "PROPERTYZIP": "15208",
    "RECORDDATE": "2012-01-04",
    "SALECODE": "0",
    "SALEDATE": "2012-01-04",
    "SALEDESC": "VALID SALE",
    "SCHOOLCODE": "47",
    "SCHOOLDESC": "Pittsburgh"
  },
  {
    "DEEDBOOK": "14784",
    "DEEDPAGE": "180",
    "INSTRTYP": "SW",
    "INSTRTYPDESC": "SPECIAL WARRANTY",
    "MUNICODE": "106",
    "MUNIDESC": "6th Ward - PITTSBURGH",
    "PARID": "0026E00280000000",
    "PRICE": "46500",
    "PROPERTYADDRESSDIR": "",
    "PROPERTYADDRESSSTREET": "FLAVIAN",
    "PROPERTYADDRESSSUF": "ST",
    "PROPERTYADDRESSUNITDESC": "",
    "PROPERTYCITY": "PITTSBURGH",
    "PROPERTYFRACTION": " ",
    "PROPERTYHOUSENUM": "3411",
    "PROPERTYSTATE": "PA",
    "PROPERTYUNITNO": "",
    "PROPERTYZIP": "15219",
    "RECORDDATE": "2012-01-09",
    "SALECODE": "0",
    "SALEDATE": "2012-01-09",
    "SALEDESC": "VALID SALE",
    "SCHOOLCODE": "47",
    "SCHOOLDESC": "Pittsburgh"
  },
  {
    "DEEDBOOK": "14784",
    "DEEDPAGE": "487",
    "INSTRTYP": "GW",
    "INSTRTYPDESC": "GENERAL WARRANTY",
    "MUNICODE": "107",
    "MUNIDESC": "7th Ward - PITTSBURGH",
    "PARID": "0052F00260000000",
    "PRICE": "1750000",
    "PROPERTYADDRESSDIR": "",
    "PROPERTYADDRESSSTREET": "CASTLEMAN",
    "PROPERTYADDRESSSUF": "ST",
    "PROPERTYADDRESSUNITDESC": "",
    "PROPERTYCITY": "PITTSBURGH",
    "PROPERTYFRACTION": " ",
    "PROPERTYHOUSENUM": "5030",
    "PROPERTYSTATE": "PA",
    "PROPERTYUNITNO": "",
    "PROPERTYZIP": "15232",
    "RECORDDATE": "2012-01-09",
    "SALECODE": "0",
    "SALEDATE": "2012-01-09",
    "SALEDESC": "VALID SALE",
    "SCHOOLCODE": "47",
    "SCHOOLDESC": "Pittsburgh"
  },
  {
    "DEEDBOOK": "14782",
    "DEEDPAGE": "19",
    "INSTRTYP": "SW",
    "INSTRTYPDESC": "SPECIAL WARRANTY",
    "MUNICODE": "119",
    "MUNIDESC": "19th Ward - PITTSBURGH",
    "PARID": "0062A00285000000",
    "PRICE": "79900",
    "PROPERTYADDRESSDIR": "",
    "PROPERTYADDRESSSTREET": "LOS ANGELES",
    "PROPERTYADDRESSSUF": "AVE",
    "PROPERTYADDRESSUNITDESC": "",
    "PROPERTYCITY": "PITTSBURGH",
    "PROPERTYFRACTION": " ",
    "PROPERTYHOUSENUM": "2303",
    "PROPERTYSTATE": "PA",
    "PROPERTYUNITNO": "",
    "PROPERTYZIP": "15216",
    "RECORDDATE": "2012-01-05",
    "SALECODE": "0",
    "SALEDATE": "2012-01-05",
    "SALEDESC": "VALID SALE",
    "SCHOOLCODE": "47",
    "SCHOOLDESC": "Pittsburgh"
  },
  {
    "DEEDBOOK": "14784",
    "DEEDPAGE": "340",
    "INSTRTYP": "DE",
    "INSTRTYPDESC": "DEED",
    "MUNICODE": "127",
    "MUNIDESC": "27th Ward - PITTSBURGH",
    "PARID": "0114H00093000000",
    "PRICE": "79900",
    "PROPERTYADDRESSDIR": "",
    "PROPERTYADDRESSSTREET": "RICHBARN",
    "PROPERTYADDRESSSUF": "RD",
    "PROPERTYADDRESSUNITDESC": "",
    "PROPERTYCITY": "PITTSBURGH",
    "PROPERTYFRACTION": " ",
    "PROPERTYHOUSENUM": "180",
    "PROPERTYSTATE": "PA",
    "PROPERTYUNITNO": "",
    "PROPERTYZIP": "15212",
    "RECORDDATE": "2012-01-09",
    "SALECODE": "0",
    "SALEDATE": "2012-01-09",
    "SALEDESC": "VALID SALE",
    "SCHOOLCODE": "47",
    "SCHOOLDESC": "Pittsburgh"
  }
]