[
  {
    "DEEDBOOK": "14897",
    "DEEDPAGE": "435",
    "INSTRTYP": "DE",
    "INSTRTYPDESC": "DEED",
    "MUNICODE": "879",
    "MUNIDESC": "Monroeville  ",
    "PARID": "1105J00228000000",
    "PRICE": "150000",
    "PROPERTYADDRESSDIR": "",
    "PROPERTYADDRESSSTREET": "HOCHBERG",
    "PROPERTYADDRESSSUF": "RD",
    "PROPERTYADDRESSUNITDESC": "",
    "PROPERTYCITY": "MONROEVILLE",
    "PROPERTYFRACTION": " ",
    "PROPERTYHOUSENUM": "408",
    "PROPERTYSTATE": "PA",
    "PROPERTYUNITNO": "",
    "PROPERTYZIP": "15146",
    "RECORDDATE": "2012-05-24",
    "SALECODE": "0",
    "SALEDATE": "2012-05-24",
    "SALEDESC": "VALID SALE",
    "SCHOOLCODE": "18",
    "SCHOOLDESC": "Gateway"
  },
  {
    "DEEDBOOK": "17016",
    "DEEDPAGE": "127",
    "INSTRTYP": "DE",
    "INSTRTYPDESC": "DEED",
    "MUNICODE": "879",
    "MUNIDESC": "Monroeville  ",
    "PARID": "1105J00228000000",
    "PRICE": "220000",
    "PROPERTYADDRESSDIR": "",
    "PROPERTYADDRESSSTREET": "HOCHBERG",
    "PROPERTYADDRESSSUF": "RD",
    "PROPERTYADDRESSUNITDESC": "",
    "PROPERTYCITY": "MONROEVILLE",
    "PROPERTYFRACTION": " ",
    "PROPERTYHOUSENUM": "408",
    "PROPERTYSTATE": "PA",
    "PROPERTYUNITNO": "",
    "PROPERTYZIP": "15146",
    "RECORDDATE": "2017-11-15",
    "SALECODE": "0",
    "SALEDATE": "2017-11-14",
    "SALEDESC": "VALID SALE",
    "SCHOOLCODE": "18",
    "SCHOOLDESC": "Gateway"
  }
]